.next/types/validator.ts(25,44): error TS2344: Type 'Route' does not satisfy the constraint 'never'.
  Type '"/"' is not assignable to type 'never'.
.next/types/validator.ts(25,75): error TS2344: Type 'Route' does not satisfy the constraint 'never'.
  Type '"/"' is not assignable to type 'never'.
.next/types/validator.ts(71,39): error TS2306: File 'D:/Du_An/crowdfunding-vn/src/app/auth/login/page.tsx' is not a module.
.next/types/validator.ts(80,39): error TS2306: File 'D:/Du_An/crowdfunding-vn/src/app/auth/register/page.tsx' is not a module.
.next/types/validator.ts(89,39): error TS2306: File 'D:/Du_An/crowdfunding-vn/src/app/campaigns/[slug]/page.tsx' is not a module.
.next/types/validator.ts(107,39): error TS2306: File 'D:/Du_An/crowdfunding-vn/src/app/campaigns/create/page.tsx' is not a module.
.next/types/validator.ts(116,39): error TS2306: File 'D:/Du_An/crowdfunding-vn/src/app/campaigns/page.tsx' is not a module.
.next/types/validator.ts(143,39): error TS2306: File 'D:/Du_An/crowdfunding-vn/src/app/dashboard/backer/page.tsx' is not a module.
.next/types/validator.ts(152,39): error TS2306: File 'D:/Du_An/crowdfunding-vn/src/app/dashboard/creator/page.tsx' is not a module.
.next/types/validator.ts(170,39): error TS2306: File 'D:/Du_An/crowdfunding-vn/src/app/page.tsx' is not a module.
.next/types/validator.ts(224,39): error TS2306: File 'D:/Du_An/crowdfunding-vn/src/app/api/campaigns/route.ts' is not a module.
.next/types/validator.ts(305,39): error TS2306: File 'D:/Du_An/crowdfunding-vn/src/app/api/users/route.ts' is not a module.
.next/types/validator.ts(318,39): error TS2306: File 'D:/Du_An/crowdfunding-vn/src/app/layout.tsx' is not a module.
src/app/api/campaigns/[id]/route.ts(2,20): error TS2306: File 'D:/Du_An/crowdfunding-vn/src/lib/prisma.ts' is not a module.
src/app/api/campaigns/[slug]/cancel/route.ts(2,24): error TS2306: File 'D:/Du_An/crowdfunding-vn/src/lib/prisma.ts' is not a module.
src/app/api/campaigns/[slug]/cancel/route.ts(71,55): error TS7006: Parameter 'sum' implicitly has an 'any' type.
src/app/api/campaigns/[slug]/cancel/route.ts(71,60): error TS7006: Parameter 'p' implicitly has an 'any' type.
src/app/api/cron/cleanup-payments/route.ts(2,24): error TS2306: File 'D:/Du_An/crowdfunding-vn/src/lib/prisma.ts' is not a module.
src/app/api/cron/update-campaign-status/route.ts(2,24): error TS2306: File 'D:/Du_An/crowdfunding-vn/src/lib/prisma.ts' is not a module.
src/app/api/lookup/route.ts(2,24): error TS2306: File 'D:/Du_An/crowdfunding-vn/src/lib/prisma.ts' is not a module.
src/app/api/payment/momo/create/route.ts(2,24): error TS2306: File 'D:/Du_An/crowdfunding-vn/src/lib/prisma.ts' is not a module.
src/app/api/payment/payos/create/route.ts(2,24): error TS2306: File 'D:/Du_An/crowdfunding-vn/src/lib/prisma.ts' is not a module.
src/app/api/payment/payos/create/route.ts(6,19): error TS2351: This expression is not constructable.
  Type 'typeof import("D:/Du_An/crowdfunding-vn/node_modules/@payos/node/lib/index")' has no construct signatures.
src/app/api/payment/vnpay/create/route.ts(2,24): error TS2306: File 'D:/Du_An/crowdfunding-vn/src/lib/prisma.ts' is not a module.
src/app/api/payment/vnpay/create/route.ts(4,23): error TS2306: File 'D:/Du_An/crowdfunding-vn/src/lib/payment/vnpay.ts' is not a module.
src/app/api/payments/refund.ts(2,20): error TS2306: File 'D:/Du_An/crowdfunding-vn/src/lib/prisma.ts' is not a module.
src/app/api/payments/refund.ts(3,10): error TS2305: Module '"@/lib/payment/refund"' has no exported member 'processRefund'.
src/app/api/payments/refund.ts(47,29): error TS7006: Parameter 'pledge' implicitly has an 'any' type.
src/app/api/payments/refund.ts(50,45): error TS7006: Parameter 'r' implicitly has an 'any' type.
src/app/api/payments/refund.ts(51,42): error TS7006: Parameter 'r' implicitly has an 'any' type.
src/app/api/payments/route.ts(2,24): error TS2306: File 'D:/Du_An/crowdfunding-vn/src/lib/prisma.ts' is not a module.
src/app/api/payments/webhook.ts(2,20): error TS2306: File 'D:/Du_An/crowdfunding-vn/src/lib/prisma.ts' is not a module.
src/app/api/payments/webhook.ts(3,35): error TS2306: File 'D:/Du_An/crowdfunding-vn/src/lib/payment/vnpay.ts' is not a module.
src/app/api/payments/webhook.ts(4,31): error TS2306: File 'D:/Du_An/crowdfunding-vn/src/lib/payment/escrow.ts' is not a module.
src/app/api/transactions/[txId]/route.ts(2,20): error TS2306: File 'D:/Du_An/crowdfunding-vn/src/lib/prisma.ts' is not a module.
src/app/campaigns/[slug]/CheckoutButton.tsx(5,27): error TS2306: File 'D:/Du_An/crowdfunding-vn/src/lib/utils.ts' is not a module.
src/app/dashboard/admin/page.tsx(2,24): error TS2306: File 'D:/Du_An/crowdfunding-vn/src/lib/prisma.ts' is not a module.
src/app/dashboard/admin/page.tsx(3,27): error TS2306: File 'D:/Du_An/crowdfunding-vn/src/lib/utils.ts' is not a module.
src/app/dashboard/admin/revenue/page.tsx(2,24): error TS2306: File 'D:/Du_An/crowdfunding-vn/src/lib/prisma.ts' is not a module.
src/app/dashboard/admin/revenue/page.tsx(3,27): error TS2306: File 'D:/Du_An/crowdfunding-vn/src/lib/utils.ts' is not a module.
src/app/dashboard/admin/revenue/page.tsx(23,44): error TS7006: Parameter 't' implicitly has an 'any' type.
src/app/dashboard/admin/revenue/page.tsx(24,33): error TS7006: Parameter 'acc' implicitly has an 'any' type.
src/app/dashboard/admin/revenue/page.tsx(24,38): error TS7006: Parameter 't' implicitly has an 'any' type.
src/app/dashboard/admin/revenue/page.tsx(26,44): error TS7006: Parameter 't' implicitly has an 'any' type.
src/app/dashboard/admin/revenue/page.tsx(27,33): error TS7006: Parameter 'acc' implicitly has an 'any' type.
src/app/dashboard/admin/revenue/page.tsx(27,38): error TS7006: Parameter 't' implicitly has an 'any' type.
src/app/dashboard/admin/revenue/page.tsx(29,45): error TS7006: Parameter 'acc' implicitly has an 'any' type.
src/app/dashboard/admin/revenue/page.tsx(29,50): error TS7006: Parameter 't' implicitly has an 'any' type.
src/app/dashboard/admin/revenue/page.tsx(70,37): error TS7006: Parameter 't' implicitly has an 'any' type.
src/app/payment-success/page.tsx(7,27): error TS2306: File 'D:/Du_An/crowdfunding-vn/src/lib/utils.ts' is not a module.
src/components/campaign/PledgeForm.tsx(5,27): error TS2306: File 'D:/Du_An/crowdfunding-vn/src/lib/utils.ts' is not a module.
src/components/shared/TransactionLookup.tsx(5,27): error TS2306: File 'D:/Du_An/crowdfunding-vn/src/lib/utils.ts' is not a module.
src/components/ui/index.tsx(1,15): error TS2306: File 'D:/Du_An/crowdfunding-vn/src/components/ui/button.tsx' is not a module.
src/components/ui/index.tsx(2,15): error TS2306: File 'D:/Du_An/crowdfunding-vn/src/components/ui/card.tsx' is not a module.
src/components/ui/index.tsx(3,15): error TS2306: File 'D:/Du_An/crowdfunding-vn/src/components/ui/input.tsx' is not a module.
src/components/ui/index.tsx(4,15): error TS2306: File 'D:/Du_An/crowdfunding-vn/src/components/ui/progress.tsx' is not a module.
src/components/ui/index.tsx(5,15): error TS2306: File 'D:/Du_An/crowdfunding-vn/src/components/ui/dialog.tsx' is not a module.
src/data/seed.ts(1,10): error TS2305: Module '"@prisma/client"' has no exported member 'PrismaClient'.
src/lib/actions/pledge.ts(3,20): error TS2306: File 'D:/Du_An/crowdfunding-vn/src/lib/prisma.ts' is not a module.
src/lib/actions/pledge.ts(4,31): error TS2306: File 'D:/Du_An/crowdfunding-vn/src/lib/utils.ts' is not a module.
src/lib/auth.ts(4,24): error TS2306: File 'D:/Du_An/crowdfunding-vn/src/lib/prisma.ts' is not a module.
src/lib/payment/refund.ts(1,24): error TS2306: File 'D:/Du_An/crowdfunding-vn/src/lib/prisma.ts' is not a module.
